<html>
<body>
<pre>
<h1>µVision Build Log</h1>
<h2>Tool Versions:</h2>
IDE-Version: ¦ÌVision V5.36.0.0
Copyright (C) 2021 ARM Ltd and ARM Germany GmbH. All rights reserved.
License Information: zy Administrator, zy, LIC=14HV2-9WUGP-LQI0Q-NIDUW-XFR8M-WHI9D
 
Tool Versions:
Toolchain:       MDK-ARM Plus  Version: 5.36.0.0
Toolchain Path:  D:\Keil_v5\ARM\ARMCC\Bin
C Compiler:      Armcc.exe V5.06 update 7 (build 960)
Assembler:       Armasm.exe V5.06 update 7 (build 960)
Linker/Locator:  ArmLink.exe V5.06 update 7 (build 960)
Library Manager: ArmAr.exe V5.06 update 7 (build 960)
Hex Converter:   FromElf.exe V5.06 update 7 (build 960)
CPU DLL:         SARMCM3.DLL V5.36.0.0
Dialog DLL:      DCM.DLL V1.17.3.0
Target DLL:      STLink\ST-LINKIII-KEIL_SWO.dll V3.0.9.0
Dialog DLL:      TCM.DLL V1.53.0.0
 
<h2>Project:</h2>
D:\JYC\SVN\dev\Demo\TFT-190-XL-ST7789-4WSPI\Progect\TFTLCD.uvprojx
Project File Date:  06/11/2025

<h2>Output:</h2>
*** Using Compiler 'V5.06 update 7 (build 960)', folder: 'D:\Keil_v5\ARM\ARMCC\Bin'
Rebuild target 'TFTLCD'
assembling startup_stm32f10x_md.s...
compiling gpio.c...
compiling led.c...
compiling key.c...
compiling system_stm32f10x.c...
compiling stm32f10x_gpio.c...
compiling core_cm3.c...
compiling stm32f10x_rcc.c...
compiling main.c...
..\User\main.c(222): warning:  #111-D: statement is unreachable
  	if(USE_HORIZONTAL==0)
..\User\main.c(533): warning:  #69-D: integer conversion resulted in truncation
  				LCD_Writ_Bus(WHITE);
..\User\main.c(536): warning:  #69-D: integer conversion resulted in truncation
  				LCD_Writ_Bus(RED);
..\User\main.c(539): warning:  #69-D: integer conversion resulted in truncation
  				LCD_Writ_Bus(GREEN);
..\User\main.c(545): warning:  #69-D: integer conversion resulted in truncation
  				LCD_Writ_Bus(GRED);
..\User\main.c(519): warning:  #550-D: variable "c3"  was set but never used
  	int c3 = 0;
..\User\main.c(578): warning:  #69-D: integer conversion resulted in truncation
  				LCD_Writ_Bus(WHITE);
..\User\main.c: 7 warnings, 0 errors
linking...
Program Size: Code=3240 RO-data=27468 RW-data=8 ZI-data=1632  
".\Objects\TFT1.8" - 0 Error(s), 7 Warning(s).

<h2>Software Packages used:</h2>

Package Vendor: Keil
                http://www.keil.com/pack/Keil.STM32F1xx_DFP.2.0.0.pack
                Keil.STM32F1xx_DFP.2.0.0
                STMicroelectronics STM32F1 Series Device Support, Drivers and Examples

<h2>Collection of Component include folders:</h2>
  D:\Keil_v5\ARM\PACK\Keil\STM32F1xx_DFP\2.0.0\Device\Include

<h2>Collection of Component Files used:</h2>
Build Time Elapsed:  00:00:01
</pre>
</body>
</html>
