<html>
<body>
<pre>
<h1>µVision Build Log</h1>
<h2>Tool Versions:</h2>
IDE-Version: ¦ÌVision V5.36.0.0
Copyright (C) 2021 ARM Ltd and ARM Germany GmbH. All rights reserved.
License Information: G GU, F, LIC=FYKYW-QYPXG-2ZVW4-FB1DX-F28WB-S8LE6
 
Tool Versions:
Toolchain:       MDK-ARM Plus  Version: 5.36.0.0
Toolchain Path:  C:\Keil_v5\ARM\ARMCC\Bin
C Compiler:      Armcc.exe V5.06 update 7 (build 960)
Assembler:       Armasm.exe V5.06 update 7 (build 960)
Linker/Locator:  ArmLink.exe V5.06 update 7 (build 960)
Library Manager: ArmAr.exe V5.06 update 7 (build 960)
Hex Converter:   FromElf.exe V5.06 update 7 (build 960)
CPU DLL:         SARMCM3.DLL V5.36.0.0
Dialog DLL:      DCM.DLL V1.17.3.0
Target DLL:      CMSIS_AGDI.dll V1.33.0.0
Dialog DLL:      TCM.DLL V1.53.0.0
 
<h2>Project:</h2>
I:\JYC-2023\2023\1.47user\user-test.uvprojx
Project File Date:  12/05/2023

<h2>Output:</h2>
*** Using Compiler 'V5.06 update 7 (build 960)', folder: 'C:\Keil_v5\ARM\ARMCC\Bin'
Rebuild target 'Target 1'
assembling startup_gd32f30x_hd.s...
compiling gd32f30x_gpio.c...
compiling system_gd32f30x.c...
compiling systick.c...
compiling gd32f30x_rcu.c...
compiling main.c...
main.c(1940): warning:  #177-D: variable "j"  was declared but never referenced
      unsigned int i,j;
main.c: 1 warning, 0 errors
linking...
Program Size: Code=2714 RO-data=29362 RW-data=4 ZI-data=2148  
FromELF: creating hex file...
".\Objects\user-test.axf" - 0 Error(s), 1 Warning(s).

<h2>Software Packages used:</h2>

Package Vendor: ARM
                http://www.keil.com/pack/ARM.CMSIS.5.8.0.pack
                ARM.CMSIS.5.8.0
                CMSIS (Common Microcontroller Software Interface Standard)
   * Component: CORE Version: 5.5.0

Package Vendor: GigaDevice
                https://gd32mcu.com/data/documents/pack/GigaDevice.GD32F30x_DFP.2.2.3.pack
                GigaDevice.GD32F30x_DFP.2.2.3
                GigaDevice GD32F30x Series Device Support and Examples
   * Component: RCU Version: 2.2.0
   * Component: Startup Version: 2.2.0

<h2>Collection of Component include folders:</h2>
  .\RTE\_Target_1
  C:\Users\Administrator\AppData\Local\Arm\Packs\ARM\CMSIS\5.8.0\CMSIS\Core\Include
  C:\Users\Administrator\AppData\Local\Arm\Packs\GigaDevice\GD32F30x_DFP\2.2.3\Device\Firmware\Peripherals\inc
  C:\Users\Administrator\AppData\Local\Arm\Packs\GigaDevice\GD32F30x_DFP\2.2.3\Device\Include

<h2>Collection of Component Files used:</h2>

   * Component: ARM::CMSIS:CORE:5.5.0

   * Component: GigaDevice::Device:GD32F30x_StdPeripherals:RCU:2.2.0
      Source file:   Device\Firmware\Peripherals\src\gd32f30x_rcu.c
      Include file:  Device\Firmware\Peripherals\inc\gd32f30x_rcu.h

   * Component: GigaDevice::Device:Startup:2.2.0
      Source file:   Device\Source\system_gd32f30x.c
      Source file:   Device\Source\ARM\startup_gd32f30x_hd.s
      Include file:  Device\Include\gd32f30x.h
Build Time Elapsed:  00:00:00
</pre>
</body>
</html>
